// Jest Snapshot v1, https://goo.gl/fbAQLP

exports[`Header matches snapshot: Header component 1`] = `
<View
  style={
    [
      {
        "backgroundColor": "white",
        "flexDirection": "row",
        "height": 50,
        "justifyContent": "space-between",
        "paddingHorizontal": 1,
      },
      undefined,
      undefined,
    ]
  }
>
  <View
    style={
      {
        "alignItems": "center",
        "justifyContent": "center",
        "width": 40,
      }
    }
  />
  <View
    style={
      {
        "alignItems": "center",
        "flex": 1,
        "justifyContent": "center",
        "minWidth": 0,
      }
    }
  >
    <Text>
      Snapshot
    </Text>
  </View>
  <View
    style={
      {
        "alignItems": "center",
        "justifyContent": "center",
        "width": 40,
      }
    }
  />
</View>
`;
