// Jest Snapshot v1, https://goo.gl/fbAQLP

exports[`HomeScreen matches snapshot: HomeScreen component 1`] = `
<View
  style={
    {
      "alignItems": "center",
      "flex": 1,
      "justifyContent": "center",
    }
  }
  testID="home-root"
>
  <Text
    style={
      {
        "fontSize": 24,
        "fontWeight": "bold",
      }
    }
  >
    Home Screen
  </Text>
</View>
`;
