// Jest Snapshot v1, https://goo.gl/fbAQLP

exports[`App matches snapshot: App component 1`] = `
<View
  style={
    {
      "flex": 1,
    }
  }
  testID="app-root"
>
  <View
    style={
      {
        "flex": 1,
      }
    }
    testID="app-navigator-root"
  />
</View>
`;
