// Jest Snapshot v1, https://goo.gl/fbAQLP

exports[`themeSlice matches snapshot: themeSlice initial state 1`] = `
{
  "mode": "light",
}
`;
