// Jest Snapshot v1, https://goo.gl/fbAQLP

exports[`useForgotPassword matches snapshot: useForgotPassword hook 1`] = `
{
  "email": "",
  "handleForgotPassword": [Function],
  "isValid": [Function],
  "setEmail": [Function],
}
`;
